../Core/Src/main.c:72:6:SendDebugMessage	16	static
../Core/Src/main.c:76:6:SendDebugInt	40	static
../Core/Src/main.c:82:6:SendDebugFloat	48	static
../Core/Src/main.c:88:6:HAL_UART_RxCpltCallback	24	static
../Core/Src/main.c:97:6:HAL_Delay	24	static
../Core/Src/main.c:113:6:Servo_SetPulse	16	static
../Core/Src/main.c:118:6:Servo_Rotate	24	static
../Core/Src/main.c:136:5:main	16	static
../Core/Src/main.c:229:6:SystemClock_Config	120	static
../Core/Src/main.c:280:13:MX_TIM2_Init	64	static
../Core/Src/main.c:343:13:MX_USART3_UART_Init	8	static
../Core/Src/main.c:391:13:MX_GPIO_Init	56	static
../Core/Src/main.c:483:6:Error_Handler	4	static,ignoring_inline_asm
