../Core/Src/main.c:69:6:SendDebugMessage	16	static
../Core/Src/main.c:73:6:SendDebugInt	40	static
../Core/Src/main.c:79:6:SendDebugFloat	48	static
../Core/Src/main.c:85:6:HAL_UART_RxCpltCallback	24	static
../Core/Src/main.c:94:6:setServoPulse	24	static
../Core/Src/main.c:98:6:setServoSpeed	32	static
../Core/Src/main.c:113:5:main	16	static
../Core/Src/main.c:201:6:SystemClock_Config	120	static
../Core/Src/main.c:252:13:MX_TIM2_Init	64	static
../Core/Src/main.c:315:13:MX_USART3_UART_Init	8	static
../Core/Src/main.c:363:13:MX_GPIO_Init	56	static
../Core/Src/main.c:455:6:Error_Handler	4	static,ignoring_inline_asm
